// Jest Snapshot v1, https://goo.gl/fbAQLP

exports[`Home page matches snapshot 1`] = `
<DocumentFragment>
  <div
    class="MuiContainer-root MuiContainer-maxWidthLg"
  >
    <ul
      class="MuiList-root MuiList-padding"
    >
      <div
        class="MuiPaper-root MuiCard-root makeStyles-todoItem-1 MuiPaper-elevation1 MuiPaper-rounded"
      >
        <div
          class="MuiCardContent-root"
        >
          <h5
            class="MuiTypography-root MuiTypography-h5"
          >
            TechStack
          </h5>
          <p
            class="MuiTypography-root MuiTypography-body1"
          >
            describe below TechStack
          </p>
        </div>
      </div>
      <div
        class="MuiPaper-root MuiCard-root makeStyles-todoItem-1 MuiPaper-elevation1 MuiPaper-rounded"
      >
        <div
          class="MuiCardContent-root"
        >
          <h5
            class="MuiTypography-root MuiTypography-h5"
          >
            Next.js
          </h5>
          <p
            class="MuiTypography-root MuiTypography-body1"
          >
            React Framework
          </p>
        </div>
      </div>
      <div
        class="MuiPaper-root MuiCard-root makeStyles-todoItem-1 MuiPaper-elevation1 MuiPaper-rounded"
      >
        <div
          class="MuiCardContent-root"
        >
          <h5
            class="MuiTypography-root MuiTypography-h5"
          >
            Redux Toolkit
          </h5>
          <p
            class="MuiTypography-root MuiTypography-body1"
          >
            Statement Management
          </p>
        </div>
      </div>
      <div
        class="MuiPaper-root MuiCard-root makeStyles-todoItem-1 MuiPaper-elevation1 MuiPaper-rounded"
      >
        <div
          class="MuiCardContent-root"
        >
          <h5
            class="MuiTypography-root MuiTypography-h5"
          >
            Material-UI
          </h5>
          <p
            class="MuiTypography-root MuiTypography-body1"
          >
            UI Framework
          </p>
        </div>
      </div>
    </ul>
  </div>
</DocumentFragment>
`;
